log2c=5 log2g=-7 rate=2.211
log2c=-1 log2g=-7 rate=2.9717
log2c=5 log2g=-1 rate=2.5858
log2c=-1 log2g=-1 rate=2.4461
log2c=11 log2g=-7 rate=2.8129
log2c=11 log2g=-1 rate=2.5882
log2c=5 log2g=-13 rate=2.9828
log2c=-1 log2g=-13 rate=3.7129
log2c=11 log2g=-13 rate=2.2574
log2c=-3 log2g=-7 rate=3.2431
log2c=-3 log2g=-1 rate=2.3778
log2c=-3 log2g=-13 rate=3.941
log2c=5 log2g=1 rate=2.5702
log2c=-1 log2g=1 rate=2.7089
log2c=11 log2g=1 rate=2.5701
log2c=-3 log2g=1 rate=2.8734
log2c=9 log2g=-7 rate=2.4348
log2c=9 log2g=-1 rate=2.588
log2c=9 log2g=-13 rate=2.4329
log2c=9 log2g=1 rate=2.5701
log2c=5 log2g=-11 rate=2.6818
log2c=-1 log2g=-11 rate=3.4173
log2c=11 log2g=-11 rate=2.3215
log2c=-3 log2g=-11 rate=3.713
log2c=9 log2g=-11 rate=2.2549
log2c=3 log2g=-7 rate=2.4182
log2c=3 log2g=-1 rate=2.5493
log2c=3 log2g=-13 rate=3.2484
log2c=3 log2g=1 rate=2.5702
log2c=3 log2g=-11 rate=2.9821
log2c=5 log2g=-5 rate=2.2198
log2c=-1 log2g=-5 rate=2.6543
log2c=11 log2g=-5 rate=3.203
log2c=-3 log2g=-5 rate=2.9592
log2c=9 log2g=-5 rate=2.7439
log2c=3 log2g=-5 rate=2.1498
log2c=15 log2g=-7 rate=3.5896
log2c=15 log2g=-1 rate=2.588
log2c=15 log2g=-13 rate=2.5343
log2c=15 log2g=1 rate=2.5702
log2c=15 log2g=-11 rate=3.0084
log2c=15 log2g=-5 rate=3.4616
log2c=5 log2g=-15 rate=3.2484
log2c=-1 log2g=-15 rate=3.941
log2c=11 log2g=-15 rate=2.4331
log2c=-3 log2g=-15 rate=4.0078
log2c=9 log2g=-15 rate=2.6828
log2c=3 log2g=-15 rate=3.4174
log2c=15 log2g=-15 rate=2.324
log2c=-5 log2g=-7 rate=3.4149
log2c=-5 log2g=-1 rate=2.7443
log2c=-5 log2g=-13 rate=4.0078
log2c=-5 log2g=1 rate=2.7773
log2c=-5 log2g=-11 rate=3.9411
log2c=-5 log2g=-5 rate=3.2322
log2c=-5 log2g=-15 rate=4.0255
log2c=5 log2g=3 rate=2.604
log2c=-1 log2g=3 rate=2.747
log2c=11 log2g=3 rate=2.604
log2c=-3 log2g=3 rate=2.9396
log2c=9 log2g=3 rate=2.604
log2c=3 log2g=3 rate=2.604
log2c=15 log2g=3 rate=2.604
log2c=-5 log2g=3 rate=2.7995
log2c=7 log2g=-7 rate=2.2785
log2c=7 log2g=-1 rate=2.5882
log2c=7 log2g=-13 rate=2.6826
log2c=7 log2g=1 rate=2.5702
log2c=7 log2g=-11 rate=2.4319
log2c=7 log2g=-5 rate=2.449
log2c=7 log2g=-15 rate=2.9829
log2c=7 log2g=3 rate=2.604
log2c=5 log2g=-9 rate=2.4289
log2c=-1 log2g=-9 rate=3.247
log2c=11 log2g=-9 rate=2.4901
log2c=-3 log2g=-9 rate=3.4168
log2c=9 log2g=-9 rate=2.309
log2c=3 log2g=-9 rate=2.679
log2c=15 log2g=-9 rate=3.1946
log2c=-5 log2g=-9 rate=3.7138
log2c=7 log2g=-9 rate=2.2443
log2c=1 log2g=-7 rate=2.67
log2c=1 log2g=-1 rate=2.5853
log2c=1 log2g=-13 rate=3.4174
log2c=1 log2g=1 rate=2.5789
log2c=1 log2g=-11 rate=3.2481
log2c=1 log2g=-5 rate=2.3721
log2c=1 log2g=-15 rate=3.7128
log2c=1 log2g=3 rate=2.6136
log2c=1 log2g=-9 rate=2.979
log2c=5 log2g=-3 rate=2.4583
log2c=-1 log2g=-3 rate=2.2631
log2c=11 log2g=-3 rate=2.9353
log2c=-3 log2g=-3 rate=2.6354
log2c=9 log2g=-3 rate=2.931
log2c=3 log2g=-3 rate=2.17
log2c=15 log2g=-3 rate=2.935
log2c=-5 log2g=-3 rate=2.9856
log2c=7 log2g=-3 rate=2.8015
log2c=1 log2g=-3 rate=2.109
log2c=13 log2g=-7 rate=3.0272
log2c=13 log2g=-1 rate=2.588
log2c=13 log2g=-13 rate=2.3236
log2c=13 log2g=1 rate=2.5701
log2c=13 log2g=-11 rate=2.5271
log2c=13 log2g=-5 rate=3.4543
log2c=13 log2g=-15 rate=2.2587
log2c=13 log2g=3 rate=2.604
log2c=13 log2g=-9 rate=2.8454
log2c=13 log2g=-3 rate=2.9353
