log2c=5 log2g=-7 rate=5.3906
log2c=-1 log2g=-7 rate=10.059
log2c=5 log2g=-1 rate=4.2846
log2c=-1 log2g=-1 rate=4.5795
log2c=11 log2g=-7 rate=4.8676
log2c=11 log2g=-1 rate=4.2847
log2c=5 log2g=-13 rate=10.063
log2c=-1 log2g=-13 rate=9.6928
log2c=11 log2g=-13 rate=5.6183
log2c=-3 log2g=-7 rate=9.6847
log2c=-3 log2g=-1 rate=5.3535
log2c=-3 log2g=-13 rate=9.9681
log2c=5 log2g=1 rate=4.3915
log2c=-1 log2g=1 rate=4.8339
log2c=11 log2g=1 rate=4.3913
log2c=-3 log2g=1 rate=5.6451
log2c=9 log2g=-7 rate=5.0934
log2c=9 log2g=-1 rate=4.2847
log2c=9 log2g=-13 rate=5.9996
log2c=9 log2g=1 rate=4.3913
log2c=5 log2g=-11 rate=7.296
log2c=-1 log2g=-11 rate=9.0822
log2c=11 log2g=-11 rate=5.7127
log2c=-3 log2g=-11 rate=9.6934
log2c=9 log2g=-11 rate=5.6136
log2c=3 log2g=-7 rate=5.8233
log2c=3 log2g=-1 rate=4.2546
log2c=3 log2g=-13 rate=9.7069
log2c=3 log2g=1 rate=4.3914
log2c=3 log2g=-11 rate=10.062
log2c=5 log2g=-5 rate=4.901
log2c=-1 log2g=-5 rate=6.7036
log2c=11 log2g=-5 rate=5.2352
log2c=-3 log2g=-5 rate=9.9614
log2c=9 log2g=-5 rate=4.7896
log2c=3 log2g=-5 rate=5.1034
log2c=15 log2g=-7 rate=5.7018
log2c=15 log2g=-1 rate=4.2847
log2c=15 log2g=-13 rate=5.92
log2c=15 log2g=1 rate=4.3913
log2c=15 log2g=-11 rate=5.5735
log2c=15 log2g=-5 rate=6.2518
log2c=5 log2g=-15 rate=9.7067
log2c=-1 log2g=-15 rate=9.968
log2c=11 log2g=-15 rate=6.0011
log2c=-3 log2g=-15 rate=10.043
log2c=9 log2g=-15 rate=7.311
log2c=3 log2g=-15 rate=9.0826
log2c=15 log2g=-15 rate=5.76
log2c=-5 log2g=-7 rate=9.0708
log2c=-5 log2g=-1 rate=7.1923
log2c=-5 log2g=-13 rate=10.043
log2c=-5 log2g=1 rate=6.7192
log2c=-5 log2g=-11 rate=9.9682
log2c=-5 log2g=-5 rate=9.6163
log2c=-5 log2g=-15 rate=10.06
log2c=5 log2g=3 rate=4.485
log2c=-1 log2g=3 rate=4.9764
log2c=11 log2g=3 rate=4.485
log2c=-3 log2g=3 rate=5.7765
log2c=9 log2g=3 rate=4.485
log2c=3 log2g=3 rate=4.485
log2c=15 log2g=3 rate=4.485
log2c=-5 log2g=3 rate=6.8073
log2c=7 log2g=-7 rate=5.2705
log2c=7 log2g=-1 rate=4.2847
log2c=7 log2g=-13 rate=7.3087
log2c=7 log2g=1 rate=4.3915
log2c=7 log2g=-11 rate=5.9932
log2c=7 log2g=-5 rate=4.704
log2c=7 log2g=-15 rate=10.063
log2c=7 log2g=3 rate=4.485
log2c=5 log2g=-9 rate=5.9534
log2c=-1 log2g=-9 rate=9.7035
log2c=11 log2g=-9 rate=5.4621
log2c=-3 log2g=-9 rate=9.0805
log2c=9 log2g=-9 rate=5.5787
log2c=3 log2g=-9 rate=7.2382
log2c=15 log2g=-9 rate=4.996
log2c=-5 log2g=-9 rate=9.6954
log2c=7 log2g=-9 rate=5.5567
log2c=1 log2g=-7 rate=7.0642
log2c=1 log2g=-1 rate=4.289
log2c=1 log2g=-13 rate=9.0825
log2c=1 log2g=1 rate=4.4707
log2c=1 log2g=-11 rate=9.7061
log2c=1 log2g=-5 rate=5.5359
log2c=1 log2g=-15 rate=9.6927
log2c=1 log2g=3 rate=4.5683
log2c=1 log2g=-9 rate=10.055
log2c=5 log2g=-3 rate=4.44
log2c=-1 log2g=-3 rate=5.192
log2c=11 log2g=-3 rate=4.9432
log2c=-3 log2g=-3 rate=6.5001
log2c=9 log2g=-3 rate=4.9236
log2c=3 log2g=-3 rate=4.4703
log2c=15 log2g=-3 rate=4.9432
log2c=-5 log2g=-3 rate=9.4041
log2c=7 log2g=-3 rate=4.632
log2c=1 log2g=-3 rate=4.7148
log2c=13 log2g=-7 rate=5.0255
log2c=13 log2g=-1 rate=4.2847
log2c=13 log2g=-13 rate=5.7293
log2c=13 log2g=1 rate=4.3913
log2c=13 log2g=-11 rate=5.8074
log2c=13 log2g=-5 rate=6.0729
log2c=13 log2g=-15 rate=5.6268
log2c=13 log2g=3 rate=4.485
log2c=13 log2g=-9 rate=5.2029
log2c=13 log2g=-3 rate=4.9432
