log2c=5 log2g=-7 rate=67.524
log2c=-1 log2g=-7 rate=58.0837
log2c=5 log2g=-1 rate=64.104
log2c=-1 log2g=-1 rate=61.6167
log2c=11 log2g=-7 rate=68.0045
log2c=11 log2g=-1 rate=64.104
log2c=5 log2g=-13 rate=58.225
log2c=-1 log2g=-13 rate=16.9587
log2c=11 log2g=-13 rate=66.8457
log2c=-3 log2g=-7 rate=39.4856
log2c=-3 log2g=-1 rate=54.2114
log2c=-3 log2g=-13 rate=16.9587
log2c=5 log2g=1 rate=63.7366
log2c=-1 log2g=1 rate=60.2883
log2c=11 log2g=1 rate=63.7366
log2c=-3 log2g=1 rate=53.4483
log2c=9 log2g=-7 rate=67.948
log2c=9 log2g=-1 rate=64.104
log2c=9 log2g=-13 rate=66.0543
log2c=9 log2g=1 rate=63.7366
log2c=5 log2g=-11 rate=63.2561
log2c=-1 log2g=-11 rate=25.8338
log2c=11 log2g=-11 rate=66.987
log2c=-3 log2g=-11 rate=16.9587
log2c=9 log2g=-11 rate=67.0718
log2c=3 log2g=-7 rate=66.5348
log2c=3 log2g=-1 rate=64.104
log2c=3 log2g=-13 rate=41.238
log2c=3 log2g=1 rate=63.7366
log2c=3 log2g=-11 rate=58.3098
log2c=5 log2g=-5 rate=68.1741
log2c=-1 log2g=-5 rate=63.5105
log2c=11 log2g=-5 rate=68.3437
log2c=-3 log2g=-5 rate=57.0661
log2c=9 log2g=-5 rate=68.3437
log2c=3 log2g=-5 rate=67.6936
log2c=15 log2g=-7 rate=68.0045
log2c=15 log2g=-1 rate=64.104
log2c=15 log2g=-13 rate=67.1566
log2c=15 log2g=1 rate=63.7366
log2c=15 log2g=-11 rate=67.7219
log2c=15 log2g=-5 rate=68.3437
log2c=5 log2g=-15 rate=41.238
log2c=-1 log2g=-15 rate=16.9587
log2c=11 log2g=-15 rate=66.0825
log2c=-3 log2g=-15 rate=16.9587
log2c=9 log2g=-15 rate=63.2278
log2c=3 log2g=-15 rate=25.8338
log2c=15 log2g=-15 rate=67.1283
log2c=-5 log2g=-7 rate=25.8903
log2c=-5 log2g=-1 rate=28.8298
log2c=-5 log2g=-13 rate=16.9587
log2c=-5 log2g=1 rate=27.1057
log2c=-5 log2g=-11 rate=16.9587
log2c=-5 log2g=-5 rate=32.2216
log2c=-5 log2g=-15 rate=16.9587
log2c=5 log2g=3 rate=63.7366
log2c=-1 log2g=3 rate=60.2883
log2c=11 log2g=3 rate=63.7366
log2c=-3 log2g=3 rate=53.4483
log2c=9 log2g=3 rate=63.7366
log2c=3 log2g=3 rate=63.7366
log2c=15 log2g=3 rate=63.7366
log2c=-5 log2g=3 rate=27.1057
log2c=7 log2g=-7 rate=67.6653
log2c=7 log2g=-1 rate=64.104
log2c=7 log2g=-13 rate=63.1995
log2c=7 log2g=1 rate=63.7366
log2c=7 log2g=-11 rate=66.026
log2c=7 log2g=-5 rate=68.3437
log2c=7 log2g=-15 rate=58.225
log2c=7 log2g=3 rate=63.7366
log2c=5 log2g=-9 rate=66.1673
log2c=-1 log2g=-9 rate=40.9271
log2c=11 log2g=-9 rate=67.6653
log2c=-3 log2g=-9 rate=25.8338
log2c=9 log2g=-9 rate=67.2979
log2c=3 log2g=-9 rate=63.0865
log2c=15 log2g=-9 rate=68.0045
log2c=-5 log2g=-9 rate=16.9587
log2c=7 log2g=-9 rate=67.0435
log2c=1 log2g=-7 rate=63.0582
log2c=1 log2g=-1 rate=64.104
log2c=1 log2g=-13 rate=25.8338
log2c=1 log2g=1 rate=63.7366
log2c=1 log2g=-11 rate=41.2097
log2c=1 log2g=-5 rate=67.2131
log2c=1 log2g=-15 rate=16.9587
log2c=1 log2g=3 rate=63.7366
log2c=1 log2g=-9 rate=58.225
log2c=5 log2g=-3 rate=68.3437
log2c=-1 log2g=-3 rate=66.3086
log2c=11 log2g=-3 rate=68.3437
log2c=-3 log2g=-3 rate=59.3273
log2c=9 log2g=-3 rate=68.3437
log2c=3 log2g=-3 rate=68.3437
log2c=15 log2g=-3 rate=68.3437
log2c=-5 log2g=-3 rate=40.1639
log2c=7 log2g=-3 rate=68.3437
log2c=1 log2g=-3 rate=67.9763
log2c=13 log2g=-7 rate=68.0045
log2c=13 log2g=-1 rate=64.104
log2c=13 log2g=-13 rate=67.1849
log2c=13 log2g=1 rate=63.7366
log2c=13 log2g=-11 rate=67.2414
log2c=13 log2g=-5 rate=68.3437
log2c=13 log2g=-15 rate=66.7891
log2c=13 log2g=3 rate=63.7366
log2c=13 log2g=-9 rate=67.9197
log2c=13 log2g=-3 rate=68.3437
